Build started 2016-04-08 오후 10:49:10.
     1>Project "C:\prj\udt4\win\test.vcxproj" on node 3 (Build target(s)).
     1>C:\Program Files (x86)\MSBuild\Microsoft.Cpp\v4.0\V120\Microsoft.CppBuild.targets(388,5): warning MSB8028: The intermediate directory (../app\) contains files shared from another project (appclient.vcxproj, appserver.vcxproj, recvfile.vcxproj, sendfile.vcxproj).  This can lead to incorrect clean and rebuild behavior.
     1>InitializeBuildStatus:
         Creating "../app\test.tlog\unsuccessfulbuild" because "AlwaysCreate" was specified.
       ClCompile:
         All outputs are up-to-date.
       Link:
         C:\Program Files (x86)\Microsoft Visual Studio 12.0\VC\bin\link.exe /ERRORREPORT:PROMPT /OUT:"../app\test.exe" /INCREMENTAL:NO /NOLOGO /LIBPATH:../src kernel32.lib user32.lib ws2_32.lib udt.lib /MANIFEST /MANIFESTUAC:"level='asInvoker' uiAccess='false'" /manifest:embed /DEBUG /PDB:"../app\test.pdb" /SUBSYSTEM:CONSOLE /OPT:REF /OPT:ICF /TLBID:1 /DYNAMICBASE /NXCOMPAT /IMPLIB:"../app\test.lib" /MACHINE:X86 /SAFESEH ../app\test.obj
         test.vcxproj -> C:\prj\udt4\win\../app\test.exe
       FinalizeBuildStatus:
         Deleting file "../app\test.tlog\unsuccessfulbuild".
         Touching "../app\test.tlog\test.lastbuildstate".
     1>Done Building Project "C:\prj\udt4\win\test.vcxproj" (Build target(s)).

Build succeeded.

Time Elapsed 00:00:00.34
